Browser setup successful
Specify either --create-draft with --content, or --approve-file
Browser closed
Browser setup successful
Specify either --create-draft with --content, or --approve-file
Browser closed
Browser setup successful
Specify either --create-draft with --content, or --approve-file
Browser closed
Browser setup successful
Specify either --create-draft with --content, or --approve-file
Browser closed
Browser setup successful
Starting LinkedIn poster in monitoring mode...
Monitoring approval folders: AI_Employee_Vault\Pending_Approval and AI_Employee_Vault\Approved
Check interval: 30 seconds
Found pending approval file: LINKEDIN_POST_1771964430.md
Approval file in Pending_Approval, not posting.
Found pending approval file: LINKEDIN_POST_1771964430.md
Approval file in Pending_Approval, not posting.
Found pending approval file: LINKEDIN_POST_1771964430.md
Approval file in Pending_Approval, not posting.
Found pending approval file: LINKEDIN_POST_1771964430.md
Approval file in Pending_Approval, not posting.
Found pending approval file: LINKEDIN_POST_1771964430.md
Approval file in Pending_Approval, not posting.
Found pending approval file: LINKEDIN_POST_1771964430.md
Approval file in Pending_Approval, not posting.
Found pending approval file: LINKEDIN_POST_1771964430.md
Approval file in Pending_Approval, not posting.
Found pending approval file: LINKEDIN_POST_1771964430.md
Approval file in Pending_Approval, not posting.
Found pending approval file: LINKEDIN_POST_1771964430.md
Approval file in Pending_Approval, not posting.
Found pending approval file: LINKEDIN_POST_1771964430.md
Approval file in Pending_Approval, not posting.
Found pending approval file: LINKEDIN_POST_1771964430.md
Approval file in Pending_Approval, not posting.
Found pending approval file: LINKEDIN_POST_1771964430.md
Approval file in Pending_Approval, not posting.
Found pending approval file: LINKEDIN_POST_1771964430.md
Approval file in Pending_Approval, not posting.
Found pending approval file: LINKEDIN_POST_1771964430.md
Approval file in Pending_Approval, not posting.
Found pending approval file: LINKEDIN_POST_1771964430.md
Approval file in Pending_Approval, not posting.
Found pending approval file: LINKEDIN_POST_1771964430.md
Approval file in Pending_Approval, not posting.
Found pending approval file: LINKEDIN_POST_1771964430.md
Approval file in Pending_Approval, not posting.
Found pending approval file: LINKEDIN_POST_1771964430.md
Approval file in Pending_Approval, not posting.
Found pending approval file: LINKEDIN_POST_1771964430.md
Approval file in Pending_Approval, not posting.
Found pending approval file: LINKEDIN_POST_1771964430.md
Approval file in Pending_Approval, not posting.
Found pending approval file: LINKEDIN_POST_1771964430.md
Approval file in Pending_Approval, not posting.
Found pending approval file: LINKEDIN_POST_1771964430.md
Approval file in Pending_Approval, not posting.
Found pending approval file: LINKEDIN_POST_1771964430.md
Approval file in Pending_Approval, not posting.
Found pending approval file: LINKEDIN_POST_1771964430.md
Approval file in Pending_Approval, not posting.
Found pending approval file: LINKEDIN_POST_1771964430.md
Approval file in Pending_Approval, not posting.
Found pending approval file: LINKEDIN_POST_1771964430.md
Approval file in Pending_Approval, not posting.
Found pending approval file: LINKEDIN_POST_1771964430.md
Approval file in Pending_Approval, not posting.
Found pending approval file: LINKEDIN_POST_1771964430.md
Approval file in Pending_Approval, not posting.
Found pending approval file: LINKEDIN_POST_1771964430.md
Approval file in Pending_Approval, not posting.
Found pending approval file: LINKEDIN_POST_1771964430.md
Approval file in Pending_Approval, not posting.
Found pending approval file: LINKEDIN_POST_1771964430.md
Approval file in Pending_Approval, not posting.
Found pending approval file: LINKEDIN_POST_1771964430.md
Approval file in Pending_Approval, not posting.
Found pending approval file: LINKEDIN_POST_1771964430.md
Approval file in Pending_Approval, not posting.
Found pending approval file: LINKEDIN_POST_1771964430.md
Approval file in Pending_Approval, not posting.
Found pending approval file: LINKEDIN_POST_1771964430.md
Approval file in Pending_Approval, not posting.
Found pending approval file: LINKEDIN_POST_1771964430.md
Approval file in Pending_Approval, not posting.
Found pending approval file: LINKEDIN_POST_1771964430.md
Approval file in Pending_Approval, not posting.
Found pending approval file: LINKEDIN_POST_1771964430.md
Approval file in Pending_Approval, not posting.
Found pending approval file: LINKEDIN_POST_1771964430.md
Approval file in Pending_Approval, not posting.
Found pending approval file: LINKEDIN_POST_1771964430.md
Approval file in Pending_Approval, not posting.
Found pending approval file: LINKEDIN_POST_1771964430.md
Approval file in Pending_Approval, not posting.
Found pending approval file: LINKEDIN_POST_1771964430.md
Approval file in Pending_Approval, not posting.
Found pending approval file: LINKEDIN_POST_1771964430.md
Approval file in Pending_Approval, not posting.
Found pending approval file: LINKEDIN_POST_1771964430.md
Approval file in Pending_Approval, not posting.
Found pending approval file: LINKEDIN_POST_1771964430.md
Approval file in Pending_Approval, not posting.
Found pending approval file: LINKEDIN_POST_1771964430.md
Approval file in Pending_Approval, not posting.
Found pending approval file: LINKEDIN_POST_1771964430.md
Approval file in Pending_Approval, not posting.
Found pending approval file: LINKEDIN_POST_1771964430.md
Approval file in Pending_Approval, not posting.
Found pending approval file: LINKEDIN_POST_1771964430.md
Approval file in Pending_Approval, not posting.
Found pending approval file: LINKEDIN_POST_1771964430.md
Approval file in Pending_Approval, not posting.
Found pending approval file: LINKEDIN_POST_1771964430.md
Approval file in Pending_Approval, not posting.
Found pending approval file: LINKEDIN_POST_1771964430.md
Approval file in Pending_Approval, not posting.
Found pending approval file: LINKEDIN_POST_1771964430.md
Approval file in Pending_Approval, not posting.
Found pending approval file: LINKEDIN_POST_1771964430.md
Approval file in Pending_Approval, not posting.
Found pending approval file: LINKEDIN_POST_1771964430.md
Approval file in Pending_Approval, not posting.
Found pending approval file: LINKEDIN_POST_1771964430.md
Approval file in Pending_Approval, not posting.
Found pending approval file: LINKEDIN_POST_1771964430.md
Approval file in Pending_Approval, not posting.
Found pending approval file: LINKEDIN_POST_1771964430.md
Approval file in Pending_Approval, not posting.
Found pending approval file: LINKEDIN_POST_1771964430.md
Approval file in Pending_Approval, not posting.
Found pending approval file: LINKEDIN_POST_1771964430.md
Approval file in Pending_Approval, not posting.
Found pending approval file: LINKEDIN_POST_1771964430.md
Approval file in Pending_Approval, not posting.
Found pending approval file: LINKEDIN_POST_1771964430.md
Approval file in Pending_Approval, not posting.
Found pending approval file: LINKEDIN_POST_1771964430.md
Approval file in Pending_Approval, not posting.
Found pending approval file: LINKEDIN_POST_1771964430.md
Approval file in Pending_Approval, not posting.
Found pending approval file: LINKEDIN_POST_1771964430.md
Approval file in Pending_Approval, not posting.
Found pending approval file: LINKEDIN_POST_1771964430.md
Approval file in Pending_Approval, not posting.
Found pending approval file: LINKEDIN_POST_1771964430.md
Approval file in Pending_Approval, not posting.
Found pending approval file: LINKEDIN_POST_1771964430.md
Approval file in Pending_Approval, not posting.
Found pending approval file: LINKEDIN_POST_1771964430.md
Approval file in Pending_Approval, not posting.
Found pending approval file: LINKEDIN_POST_1771964430.md
Approval file in Pending_Approval, not posting.
Found pending approval file: LINKEDIN_POST_1771964430.md
Approval file in Pending_Approval, not posting.
Found pending approval file: LINKEDIN_POST_1771964430.md
Approval file in Pending_Approval, not posting.
Found pending approval file: LINKEDIN_POST_1771964430.md
Approval file in Pending_Approval, not posting.
Found pending approval file: LINKEDIN_POST_1771964430.md
Approval file in Pending_Approval, not posting.
Found pending approval file: LINKEDIN_POST_1771964430.md
Approval file in Pending_Approval, not posting.
Found pending approval file: LINKEDIN_POST_1771964430.md
Approval file in Pending_Approval, not posting.
Found pending approval file: LINKEDIN_POST_1771964430.md
Approval file in Pending_Approval, not posting.
Found pending approval file: LINKEDIN_POST_1771964430.md
Approval file in Pending_Approval, not posting.
Found pending approval file: LINKEDIN_POST_1771964430.md
Approval file in Pending_Approval, not posting.
Found pending approval file: LINKEDIN_POST_1771964430.md
Approval file in Pending_Approval, not posting.
Found pending approval file: LINKEDIN_POST_1771964430.md
Approval file in Pending_Approval, not posting.
Found pending approval file: LINKEDIN_POST_1771964430.md
Approval file in Pending_Approval, not posting.
Found pending approval file: LINKEDIN_POST_1771964430.md
Approval file in Pending_Approval, not posting.
Found pending approval file: LINKEDIN_POST_1771964430.md
Approval file in Pending_Approval, not posting.
Found pending approval file: LINKEDIN_POST_1771964430.md
Approval file in Pending_Approval, not posting.
Found pending approval file: LINKEDIN_POST_1771964430.md
Approval file in Pending_Approval, not posting.
Found pending approval file: LINKEDIN_POST_1771964430.md
Approval file in Pending_Approval, not posting.
Found pending approval file: LINKEDIN_POST_1771964430.md
Approval file in Pending_Approval, not posting.
Found pending approval file: LINKEDIN_POST_1771964430.md
Approval file in Pending_Approval, not posting.
Found pending approval file: LINKEDIN_POST_1771964430.md
Approval file in Pending_Approval, not posting.
Found pending approval file: LINKEDIN_POST_1771964430.md
Approval file in Pending_Approval, not posting.
Found pending approval file: LINKEDIN_POST_1771964430.md
Approval file in Pending_Approval, not posting.
Found pending approval file: LINKEDIN_POST_1771964430.md
Approval file in Pending_Approval, not posting.
Found pending approval file: LINKEDIN_POST_1771964430.md
Approval file in Pending_Approval, not posting.
Found pending approval file: LINKEDIN_POST_1771964430.md
Approval file in Pending_Approval, not posting.
Found pending approval file: LINKEDIN_POST_1771964430.md
Approval file in Pending_Approval, not posting.
Found pending approval file: LINKEDIN_POST_1771964430.md
Approval file in Pending_Approval, not posting.
Found pending approval file: LINKEDIN_POST_1771964430.md
Approval file in Pending_Approval, not posting.
Found pending approval file: LINKEDIN_POST_1771964430.md
Approval file in Pending_Approval, not posting.
Found pending approval file: LINKEDIN_POST_1771964430.md
Approval file in Pending_Approval, not posting.
Found pending approval file: LINKEDIN_POST_1771964430.md
Approval file in Pending_Approval, not posting.
Found pending approval file: LINKEDIN_POST_1771964430.md
Approval file in Pending_Approval, not posting.
Found pending approval file: LINKEDIN_POST_1771964430.md
Approval file in Pending_Approval, not posting.
Found pending approval file: LINKEDIN_POST_1771964430.md
Approval file in Pending_Approval, not posting.
Found pending approval file: LINKEDIN_POST_1771964430.md
Approval file in Pending_Approval, not posting.
Found pending approval file: LINKEDIN_POST_1771964430.md
Approval file in Pending_Approval, not posting.
Found pending approval file: LINKEDIN_POST_1771964430.md
Approval file in Pending_Approval, not posting.
Found pending approval file: LINKEDIN_POST_1771964430.md
Approval file in Pending_Approval, not posting.
Found pending approval file: LINKEDIN_POST_1771964430.md
Approval file in Pending_Approval, not posting.
Found pending approval file: LINKEDIN_POST_1771964430.md
Approval file in Pending_Approval, not posting.
Found pending approval file: LINKEDIN_POST_1771964430.md
Approval file in Pending_Approval, not posting.
Found pending approval file: LINKEDIN_POST_1771964430.md
Approval file in Pending_Approval, not posting.
Found pending approval file: LINKEDIN_POST_1771964430.md
Approval file in Pending_Approval, not posting.
Found pending approval file: LINKEDIN_POST_1771964430.md
Approval file in Pending_Approval, not posting.
Found pending approval file: LINKEDIN_POST_1771964430.md
Approval file in Pending_Approval, not posting.
Found pending approval file: LINKEDIN_POST_1771964430.md
Approval file in Pending_Approval, not posting.
Found pending approval file: LINKEDIN_POST_1771964430.md
Approval file in Pending_Approval, not posting.
Found pending approval file: LINKEDIN_POST_1771964430.md
Approval file in Pending_Approval, not posting.
Found pending approval file: LINKEDIN_POST_1771964430.md
Approval file in Pending_Approval, not posting.
Found pending approval file: LINKEDIN_POST_1771964430.md
Approval file in Pending_Approval, not posting.
Found pending approval file: LINKEDIN_POST_1771964430.md
Approval file in Pending_Approval, not posting.
Found pending approval file: LINKEDIN_POST_1771964430.md
Approval file in Pending_Approval, not posting.
Found pending approval file: LINKEDIN_POST_1771964430.md
Approval file in Pending_Approval, not posting.
Found pending approval file: LINKEDIN_POST_1771964430.md
Approval file in Pending_Approval, not posting.
Found pending approval file: LINKEDIN_POST_1771964430.md
Approval file in Pending_Approval, not posting.
Found pending approval file: LINKEDIN_POST_1771964430.md
Approval file in Pending_Approval, not posting.
Found pending approval file: LINKEDIN_POST_1771964430.md
Approval file in Pending_Approval, not posting.
Found pending approval file: LINKEDIN_POST_1771964430.md
Approval file in Pending_Approval, not posting.
Found pending approval file: LINKEDIN_POST_1771964430.md
Approval file in Pending_Approval, not posting.
Found pending approval file: LINKEDIN_POST_1771964430.md
Approval file in Pending_Approval, not posting.
Found pending approval file: LINKEDIN_POST_1771964430.md
Approval file in Pending_Approval, not posting.
Found pending approval file: LINKEDIN_POST_1771964430.md
Approval file in Pending_Approval, not posting.
Found pending approval file: LINKEDIN_POST_1771964430.md
Approval file in Pending_Approval, not posting.
Found pending approval file: LINKEDIN_POST_1771964430.md
Approval file in Pending_Approval, not posting.
Found pending approval file: LINKEDIN_POST_1771964430.md
Approval file in Pending_Approval, not posting.
Found pending approval file: LINKEDIN_POST_1771964430.md
Approval file in Pending_Approval, not posting.
Found pending approval file: LINKEDIN_POST_1771964430.md
Approval file in Pending_Approval, not posting.
Found pending approval file: LINKEDIN_POST_1771964430.md
Approval file in Pending_Approval, not posting.
Found pending approval file: LINKEDIN_POST_1771964430.md
Approval file in Pending_Approval, not posting.
Found pending approval file: LINKEDIN_POST_1771964430.md
Approval file in Pending_Approval, not posting.
Found pending approval file: LINKEDIN_POST_1771964430.md
Approval file in Pending_Approval, not posting.
Found pending approval file: LINKEDIN_POST_1771964430.md
Approval file in Pending_Approval, not posting.
Found pending approval file: LINKEDIN_POST_1771964430.md
Approval file in Pending_Approval, not posting.
Found pending approval file: LINKEDIN_POST_1771964430.md
Approval file in Pending_Approval, not posting.
Found pending approval file: LINKEDIN_POST_1771964430.md
Approval file in Pending_Approval, not posting.
Found pending approval file: LINKEDIN_POST_1771964430.md
Approval file in Pending_Approval, not posting.
Found pending approval file: LINKEDIN_POST_1771964430.md
Approval file in Pending_Approval, not posting.
Found pending approval file: LINKEDIN_POST_1771964430.md
Approval file in Pending_Approval, not posting.
Found pending approval file: LINKEDIN_POST_1771964430.md
Approval file in Pending_Approval, not posting.
Found pending approval file: LINKEDIN_POST_1771964430.md
Approval file in Pending_Approval, not posting.
Found pending approval file: LINKEDIN_POST_1771964430.md
Approval file in Pending_Approval, not posting.
Found pending approval file: LINKEDIN_POST_1771964430.md
node:events:486
      throw er; // Unhandled 'error' event
      ^

Error: EPIPE: broken pipe, write
    at Socket._write (node:internal/net:75:18)
    at writeOrBuffer (node:internal/streams/writable:570:12)
    at _write (node:internal/streams/writable:499:10)
    at Writable.write (node:internal/streams/writable:508:10)
    at PipeTransport.send (E:\Hackathon 0\Bronze\Personal-AI-Employee\.venv\Lib\site-packages\playwright\driver\package\lib\server\utils\pipeTransport.js:52:21)
    at dispatcherConnection.onmessage (E:\Hackathon 0\Bronze\Personal-AI-Employee\.venv\Lib\site-packages\playwright\driver\package\lib\cli\driver.js:60:59)
    at DispatcherConnection.sendEvent (E:\Hackathon 0\Bronze\Personal-AI-Employee\.venv\Lib\site-packages\playwright\driver\package\lib\server\dispatchers\dispatcher.js:176:10)
    at BrowserContextDispatcher._dispatchEvent (E:\Hackathon 0\Bronze\Personal-AI-Employee\.venv\Lib\site-packages\playwright\driver\package\lib\server\dispatchers\dispatcher.js:102:21)
    at CRBrowserContext.<anonymous> (E:\Hackathon 0\Bronze\Personal-AI-Employee\.venv\Lib\site-packages\playwright\driver\package\lib\server\dispatchers\browserContextDispatcher.js:101:12)
    at CRBrowserContext.emit (node:events:520:35)
Emitted 'error' event on Socket instance at:
    at emitErrorNT (node:internal/streams/destroy:170:8)
    at emitErrorCloseNT (node:internal/streams/destroy:129:3)
    at process.processTicksAndRejections (node:internal/process/task_queues:89:21) {
  errno: -4047,
  syscall: 'write',
  code: 'EPIPE'
}

Node.js v24.13.0
node:events:486
      throw er; // Unhandled 'error' event
      ^

Error: EPIPE: broken pipe, write
    at Socket._write (node:internal/net:75:18)
    at writeOrBuffer (node:internal/streams/writable:570:12)
    at _write (node:internal/streams/writable:499:10)
    at Writable.write (node:internal/streams/writable:508:10)
    at PipeTransport.send (E:\Hackathon 0\Bronze\Personal-AI-Employee\.venv\Lib\site-packages\playwright\driver\package\lib\server\utils\pipeTransport.js:52:21)
    at dispatcherConnection.onmessage (E:\Hackathon 0\Bronze\Personal-AI-Employee\.venv\Lib\site-packages\playwright\driver\package\lib\cli\driver.js:60:59)
    at DispatcherConnection.sendCreate (E:\Hackathon 0\Bronze\Personal-AI-Employee\.venv\Lib\site-packages\playwright\driver\package\lib\server\dispatchers\dispatcher.js:181:10)
    at new Dispatcher (E:\Hackathon 0\Bronze\Personal-AI-Employee\.venv\Lib\site-packages\playwright\driver\package\lib\server\dispatchers\dispatcher.js:69:23)
    at new FrameDispatcher (E:\Hackathon 0\Bronze\Personal-AI-Employee\.venv\Lib\site-packages\playwright\driver\package\lib\server\dispatchers\frameDispatcher.js:36:5)
    at FrameDispatcher.from (E:\Hackathon 0\Bronze\Personal-AI-Employee\.venv\Lib\site-packages\playwright\driver\package\lib\server\dispatchers\frameDispatcher.js:62:22)
Emitted 'error' event on Socket instance at:
    at emitErrorNT (node:internal/streams/destroy:170:8)
    at emitErrorCloseNT (node:internal/streams/destroy:129:3)
    at processTicksAndRejections (node:internal/process/task_queues:89:21)
    at runNextTicks (node:internal/process/task_queues:68:3)
    at process.processImmediate (node:internal/timers:472:9) {
  errno: -4047,
  syscall: 'write',
  code: 'EPIPE'
}

Node.js v24.13.0
195a4aa56f369cc1.md
File AI_Employee_Vault\Pending_Approval\EMAIL_195a4aa56f369cc1.md is not a LinkedIn post approval
Found pending approval file: EMAIL_195a9ad04e5a3ef4.md
File AI_Employee_Vault\Pending_Approval\EMAIL_195a9ad04e5a3ef4.md is not a LinkedIn post approval
Found pending approval file: EMAIL_195a9d0b9b4d8072.md
File AI_Employee_Vault\Pending_Approval\EMAIL_195a9d0b9b4d8072.md is not a LinkedIn post approval
Found pending approval file: EMAIL_195b3f9aec160d97.md
File AI_Employee_Vault\Pending_Approval\EMAIL_195b3f9aec160d97.md is not a LinkedIn post approval
Found pending approval file: EMAIL_195b943c674667e9.md
File AI_Employee_Vault\Pending_Approval\EMAIL_195b943c674667e9.md is not a LinkedIn post approval
Found pending approval file: EMAIL_195be4666512f878.md
File AI_Employee_Vault\Pending_Approval\EMAIL_195be4666512f878.md is not a LinkedIn post approval
Found pending approval file: EMAIL_195c8b6e65befc64.md
File AI_Employee_Vault\Pending_Approval\EMAIL_195c8b6e65befc64.md is not a LinkedIn post approval
Found pending approval file: EMAIL_195cdb97df827ca9.md
File AI_Employee_Vault\Pending_Approval\EMAIL_195cdb97df827ca9.md is not a LinkedIn post approval
Found pending approval file: EMAIL_195d2f76cac4fb23.md
File AI_Employee_Vault\Pending_Approval\EMAIL_195d2f76cac4fb23.md is not a LinkedIn post approval
Found pending approval file: EMAIL_195d3df4f2c3e9d8.md
File AI_Employee_Vault\Pending_Approval\EMAIL_195d3df4f2c3e9d8.md is not a LinkedIn post approval
Found pending approval file: EMAIL_195d8063c63e3416.md
File AI_Employee_Vault\Pending_Approval\EMAIL_195d8063c63e3416.md is not a LinkedIn post approval
Found pending approval file: EMAIL_195dd449ce27cbfb.md
File AI_Employee_Vault\Pending_Approval\EMAIL_195dd449ce27cbfb.md is not a LinkedIn post approval
Found pending approval file: EMAIL_195dd504af7825ed.md
File AI_Employee_Vault\Pending_Approval\EMAIL_195dd504af7825ed.md is not a LinkedIn post approval
Found pending approval file: EMAIL_195e2530b193e156.md
File AI_Employee_Vault\Pending_Approval\EMAIL_195e2530b193e156.md is not a LinkedIn post approval
Found pending approval file: EMAIL_195e779473c09639.md
File AI_Employee_Vault\Pending_Approval\EMAIL_195e779473c09639.md is not a LinkedIn post approval
Found pending approval file: EMAIL_195eb0be928a2221.md
File AI_Employee_Vault\Pending_Approval\EMAIL_195eb0be928a2221.md is not a LinkedIn post approval
Found pending approval file: EMAIL_195ecbf69e608cef.md
File AI_Employee_Vault\Pending_Approval\EMAIL_195ecbf69e608cef.md is not a LinkedIn post approval
Found pending approval file: EMAIL_195ecc35e3bf1283.md
File AI_Employee_Vault\Pending_Approval\EMAIL_195ecc35e3bf1283.md is not a LinkedIn post approval
Found pending approval file: EMAIL_195f1c616544b4c6.md
File AI_Employee_Vault\Pending_Approval\EMAIL_195f1c616544b4c6.md is not a LinkedIn post approval
Found pending approval file: EMAIL_195f1e9b90ca3323.md
File AI_Employee_Vault\Pending_Approval\EMAIL_195f1e9b90ca3323.md is not a LinkedIn post approval
Found pending approval file: EMAIL_195f71014dd5901e.md
File AI_Employee_Vault\Pending_Approval\EMAIL_195f71014dd5901e.md is not a LinkedIn post approval
Found pending approval file: EMAIL_195fc12c897e3a61.md
File AI_Employee_Vault\Pending_Approval\EMAIL_195fc12c897e3a61.md is not a LinkedIn post approval
Found pending approval file: EMAIL_196015003e60ee2a.md
File AI_Employee_Vault\Pending_Approval\EMAIL_196015003e60ee2a.md is not a LinkedIn post approval
Found pending approval file: EMAIL_196015cdd01be7f5.md
File AI_Employee_Vault\Pending_Approval\EMAIL_196015cdd01be7f5.md is not a LinkedIn post approval
Found pending approval file: EMAIL_196065f70ef28eb4.md
File AI_Employee_Vault\Pending_Approval\EMAIL_196065f70ef28eb4.md is not a LinkedIn post approval
Found pending approval file: EMAIL_1960b85cd9f14143.md
File AI_Employee_Vault\Pending_Approval\EMAIL_1960b85cd9f14143.md is not a LinkedIn post approval
Found pending approval file: EMAIL_1960f186be6192ec.md
File AI_Employee_Vault\Pending_Approval\EMAIL_1960f186be6192ec.md is not a LinkedIn post approval
Found pending approval file: EMAIL_19610ca6230901f6.md
File AI_Employee_Vault\Pending_Approval\EMAIL_19610ca6230901f6.md is not a LinkedIn post approval
Found pending approval file: EMAIL_196113dbaebe4b6b.md
File AI_Employee_Vault\Pending_Approval\EMAIL_196113dbaebe4b6b.md is not a LinkedIn post approval
Found pending approval file: EMAIL_19615d28568dfe28.md
File AI_Employee_Vault\Pending_Approval\EMAIL_19615d28568dfe28.md is not a LinkedIn post approval
Found pending approval file: EMAIL_1961b08fb020768a.md
File AI_Employee_Vault\Pending_Approval\EMAIL_1961b08fb020768a.md is not a LinkedIn post approval
Found pending approval file: EMAIL_1961b1c9acdc34b6.md
File AI_Employee_Vault\Pending_Approval\EMAIL_1961b1c9acdc34b6.md is not a LinkedIn post approval
Found pending approval file: EMAIL_196201f3c8187a71.md
File AI_Employee_Vault\Pending_Approval\EMAIL_196201f3c8187a71.md is not a LinkedIn post approval
Found pending approval file: EMAIL_19625561b662b91e.md
File AI_Employee_Vault\Pending_Approval\EMAIL_19625561b662b91e.md is not a LinkedIn post approval
Found pending approval file: EMAIL_19625695c456a79c.md
File AI_Employee_Vault\Pending_Approval\EMAIL_19625695c456a79c.md is not a LinkedIn post approval
Found pending approval file: EMAIL_1962a6bf17f7ebb4.md
File AI_Employee_Vault\Pending_Approval\EMAIL_1962a6bf17f7ebb4.md is not a LinkedIn post approval
Found pending approval file: EMAIL_1963324ed4dacd3c.md
File AI_Employee_Vault\Pending_Approval\EMAIL_1963324ed4dacd3c.md is not a LinkedIn post approval
Found pending approval file: EMAIL_196346e877bbfa14.md
File AI_Employee_Vault\Pending_Approval\EMAIL_196346e877bbfa14.md is not a LinkedIn post approval
Found pending approval file: EMAIL_19634d4a60d6fbed.md
File AI_Employee_Vault\Pending_Approval\EMAIL_19634d4a60d6fbed.md is not a LinkedIn post approval
Found pending approval file: EMAIL_19639df07e0aa5ec.md
File AI_Employee_Vault\Pending_Approval\EMAIL_19639df07e0aa5ec.md is not a LinkedIn post approval
Found pending approval file: EMAIL_1963a02bffdfc5ea.md
File AI_Employee_Vault\Pending_Approval\EMAIL_1963a02bffdfc5ea.md is not a LinkedIn post approval
Found pending approval file: EMAIL_1963f15dcb847fe2.md
File AI_Employee_Vault\Pending_Approval\EMAIL_1963f15dcb847fe2.md is not a LinkedIn post approvalnode:events:486
      throw er; // Unhandled 'error' event
      ^

Error: EPIPE: broken pipe, write
    at Socket._write (node:internal/net:75:18)
    at writeOrBuffer (node:internal/streams/writable:570:12)
    at _write (node:internal/streams/writable:499:10)
    at Writable.write (node:internal/streams/writable:508:10)
    at PipeTransport.send (E:\Hackathon 0\Bronze\Personal-AI-Employee\.venv\Lib\site-packages\playwright\driver\package\lib\server\utils\pipeTransport.js:52:21)
    at dispatcherConnection.onmessage (E:\Hackathon 0\Bronze\Personal-AI-Employee\.venv\Lib\site-packages\playwright\driver\package\lib\cli\driver.js:60:59)
    at DispatcherConnection.sendEvent (E:\Hackathon 0\Bronze\Personal-AI-Employee\.venv\Lib\site-packages\playwright\driver\package\lib\server\dispatchers\dispatcher.js:176:10)
    at PageDispatcher._dispatchEvent (E:\Hackathon 0\Bronze\Personal-AI-Employee\.venv\Lib\site-packages\playwright\driver\package\lib\server\dispatchers\dispatcher.js:102:21)
    at Page.<anonymous> (E:\Hackathon 0\Bronze\Personal-AI-Employee\.venv\Lib\site-packages\playwright\driver\package\lib\server\dispatchers\pageDispatcher.js:71:12)
    at Page.emit (node:events:508:28)
Emitted 'error' event on Socket instance at:
    at emitErrorNT (node:internal/streams/destroy:170:8)
    at emitErrorCloseNT (node:internal/streams/destroy:129:3)
    at process.processTicksAndRejections (node:internal/process/task_queues:89:21) {
  errno: -4047,
  syscall: 'write',
  code: 'EPIPE'
}

Node.js v24.13.0
node:events:486
      throw er; // Unhandled 'error' event
      ^

Error: EPIPE: broken pipe, write
    at Socket._write (node:internal/net:75:18)
    at writeOrBuffer (node:internal/streams/writable:570:12)
    at _write (node:internal/streams/writable:499:10)
    at Writable.write (node:internal/streams/writable:508:10)
    at PipeTransport.send (E:\Hackathon 0\Bronze\Personal-AI-Employee\.venv\Lib\site-packages\playwright\driver\package\lib\server\utils\pipeTransport.js:52:21)
    at dispatcherConnection.onmessage (E:\Hackathon 0\Bronze\Personal-AI-Employee\.venv\Lib\site-packages\playwright\driver\package\lib\cli\driver.js:60:59)
    at DispatcherConnection.sendEvent (E:\Hackathon 0\Bronze\Personal-AI-Employee\.venv\Lib\site-packages\playwright\driver\package\lib\server\dispatchers\dispatcher.js:176:10)
    at PageDispatcher._dispatchEvent (E:\Hackathon 0\Bronze\Personal-AI-Employee\.venv\Lib\site-packages\playwright\driver\package\lib\server\dispatchers\dispatcher.js:102:21)
    at Page.<anonymous> (E:\Hackathon 0\Bronze\Personal-AI-Employee\.venv\Lib\site-packages\playwright\driver\package\lib\server\dispatchers\pageDispatcher.js:71:12)
    at Page.emit (node:events:508:28)
Emitted 'error' event on Socket instance at:
    at emitErrorNT (node:internal/streams/destroy:170:8)
    at emitErrorCloseNT (node:internal/streams/destroy:129:3)
    at process.processTicksAndRejections (node:internal/process/task_queues:89:21) {
  errno: -4047,
  syscall: 'write',
  code: 'EPIPE'
}

Node.js v24.13.0
node:events:486
      throw er; // Unhandled 'error' event
      ^

Error: EPIPE: broken pipe, write
    at Socket._write (node:internal/net:75:18)
    at writeOrBuffer (node:internal/streams/writable:570:12)
    at _write (node:internal/streams/writable:499:10)
    at Writable.write (node:internal/streams/writable:508:10)
    at PipeTransport.send (e:\Hackathon 0\Bronze\Personal-AI-Employee\.venv\Lib\site-packages\playwright\driver\package\lib\server\utils\pipeTransport.js:52:21)
    at dispatcherConnection.onmessage (e:\Hackathon 0\Bronze\Personal-AI-Employee\.venv\Lib\site-packages\playwright\driver\package\lib\cli\driver.js:60:59)
    at DispatcherConnection.sendEvent (e:\Hackathon 0\Bronze\Personal-AI-Employee\.venv\Lib\site-packages\playwright\driver\package\lib\server\dispatchers\dispatcher.js:176:10)
    at PageDispatcher._dispatchEvent (e:\Hackathon 0\Bronze\Personal-AI-Employee\.venv\Lib\site-packages\playwright\driver\package\lib\server\dispatchers\dispatcher.js:102:21)
    at Page.<anonymous> (e:\Hackathon 0\Bronze\Personal-AI-Employee\.venv\Lib\site-packages\playwright\driver\package\lib\server\dispatchers\pageDispatcher.js:71:12)
    at Page.emit (node:events:508:28)
Emitted 'error' event on Socket instance at:
    at emitErrorNT (node:internal/streams/destroy:170:8)
    at emitErrorCloseNT (node:internal/streams/destroy:129:3)
    at process.processTicksAndRejections (node:internal/process/task_queues:89:21) {
  errno: -4047,
  syscall: 'write',
  code: 'EPIPE'
}

Node.js v24.13.0
Browser setup successful
Starting LinkedIn poster in monitoring mode...
Monitoring approval folders: AI_Employee_Vault\Pending_Approval and AI_Employee_Vault\Approved
Check interval: 30 seconds
Found pending approval file: LINKEDIN_POST_1771964430.md
Approval file in Pending_Approval, not posting.
Found pending approval file: LINKEDIN_POST_1772134872.md
Approval file in Pending_Approval, not posting.
Found pending approval file: LINKEDIN_POST_1772134941.md
Approval file in Pending_Approval, not posting.
Found pending approval file: LINKEDIN_POST_1772135012.md
Approval file in Pending_Approval, not posting.
Found approved file: Plan_EMAIL_19a0b0bfb6d6409e.md
Found approved file: Plan_EMAIL_19a0cc1ffb181bf2.md
Found pending approval file: LINKEDIN_POST_1771964430.md
Approval file in Pending_Approval, not posting.
Found pending approval file: LINKEDIN_POST_1772134872.md
Approval file in Pending_Approval, not posting.
Found pending approval file: LINKEDIN_POST_1772134941.md
Approval file in Pending_Approval, not posting.
Found pending approval file: LINKEDIN_POST_1772135012.md
Approval file in Pending_Approval, not posting.
Found approved file: Plan_EMAIL_19a0b0bfb6d6409e.md
Found approved file: Plan_EMAIL_19a0cc1ffb181bf2.md
Found pending approval file: LINKEDIN_POST_1771964430.md
Approval file in Pending_Approval, not posting.
Found pending approval file: LINKEDIN_POST_1772134872.md
Approval file in Pending_Approval, not posting.
Found pending approval file: LINKEDIN_POST_1772134941.md
Approval file in Pending_Approval, not posting.
Found pending approval file: LINKEDIN_POST_1772135012.md
Approval file in Pending_Approval, not posting.
Found approved file: Plan_EMAIL_19a0b0bfb6d6409e.md
Found approved file: Plan_EMAIL_19a0cc1ffb181bf2.md
Found pending approval file: LINKEDIN_POST_1771964430.md
Approval file in Pending_Approval, not posting.
Found pending approval file: LINKEDIN_POST_1772134872.md
Approval file in Pending_Approval, not posting.
Found pending approval file: LINKEDIN_POST_1772134941.md
Approval file in Pending_Approval, not posting.
Found pending approval file: LINKEDIN_POST_1772135012.md
Approval file in Pending_Approval, not posting.
Found approved file: Plan_EMAIL_19a0b0bfb6d6409e.md
Found approved file: Plan_EMAIL_19a0cc1ffb181bf2.md
Found pending approval file: LINKEDIN_POST_1771964430.md
Approval file in Pending_Approval, not posting.
Found pending approval file: LINKEDIN_POST_1772134872.md
Approval file in Pending_Approval, not posting.
Found pending approval file: LINKEDIN_POST_1772134941.md
Approval file in Pending_Approval, not posting.
Found pending approval file: LINKEDIN_POST_1772135012.md
Approval file in Pending_Approval, not posting.
Found approved file: Plan_EMAIL_19a0b0bfb6d6409e.md
Found approved file: Plan_EMAIL_19a0cc1ffb181bf2.md
Found pending approval file: LINKEDIN_POST_1771964430.md
Approval file in Pending_Approval, not posting.
Found pending approval file: LINKEDIN_POST_1772134872.md
Approval file in Pending_Approval, not posting.
Found pending approval file: LINKEDIN_POST_1772134941.md
Approval file in Pending_Approval, not posting.
Found pending approval file: LINKEDIN_POST_1772135012.md
Approval file in Pending_Approval, not posting.
Found approved file: Plan_EMAIL_19a0b0bfb6d6409e.md
Found approved file: Plan_EMAIL_19a0cc1ffb181bf2.md
Found pending approval file: LINKEDIN_POST_1771964430.md
Approval file in Pending_Approval, not posting.
Found pending approval file: LINKEDIN_POST_1772134872.md
Approval file in Pending_Approval, not posting.
Found pending approval file: LINKEDIN_POST_1772134941.md
Approval file in Pending_Approval, not posting.
Found pending approval file: LINKEDIN_POST_1772135012.md
Approval file in Pending_Approval, not posting.
Found approved file: Plan_EMAIL_19a0b0bfb6d6409e.md
Found approved file: Plan_EMAIL_19a0cc1ffb181bf2.md
Found pending approval file: LINKEDIN_POST_1771964430.md
Approval file in Pending_Approval, not posting.
Found pending approval file: LINKEDIN_POST_1772134872.md
Approval file in Pending_Approval, not posting.
Found pending approval file: LINKEDIN_POST_1772134941.md
Approval file in Pending_Approval, not posting.
Found pending approval file: LINKEDIN_POST_1772135012.md
Approval file in Pending_Approval, not posting.
Found approved file: Plan_EMAIL_19a0b0bfb6d6409e.md
Found approved file: Plan_EMAIL_19a0cc1ffb181bf2.md
Found pending approval file: LINKEDIN_POST_1771964430.md
Approval file in Pending_Approval, not posting.
Found pending approval file: LINKEDIN_POST_1772134872.md
Approval file in Pending_Approval, not posting.
Found pending approval file: LINKEDIN_POST_1772134941.md
Approval file in Pending_Approval, not posting.
Found pending approval file: LINKEDIN_POST_1772135012.md
Approval file in Pending_Approval, not posting.
Found approved file: Plan_EMAIL_19a0b0bfb6d6409e.md
Found approved file: Plan_EMAIL_19a0cc1ffb181bf2.md
Found pending approval file: LINKEDIN_POST_1771964430.md
Approval file in Pending_Approval, not posting.
Found pending approval file: LINKEDIN_POST_1772134872.md
Approval file in Pending_Approval, not posting.
Found pending approval file: LINKEDIN_POST_1772134941.md
Approval file in Pending_Approval, not posting.
Found pending approval file: LINKEDIN_POST_1772135012.md
Approval file in Pending_Approval, not posting.
Found approved file: Plan_EMAIL_19a0b0bfb6d6409e.md
Found approved file: Plan_EMAIL_19a0cc1ffb181bf2.md
Found pending approval file: LINKEDIN_POST_1771964430.md
Approval file in Pending_Approval, not posting.
Found pending approval file: LINKEDIN_POST_1772134872.md
Approval file in Pending_Approval, not posting.
Found pending approval file: LINKEDIN_POST_1772134941.md
Approval file in Pending_Approval, not posting.
Found pending approval file: LINKEDIN_POST_1772135012.md
Approval file in Pending_Approval, not posting.
Found approved file: Plan_EMAIL_19a0b0bfb6d6409e.md
Found approved file: Plan_EMAIL_19a0cc1ffb181bf2.md
Found pending approval file: LINKEDIN_POST_1771964430.md
Approval file in Pending_Approval, not posting.
Found pending approval file: LINKEDIN_POST_1772134872.md
Approval file in Pending_Approval, not posting.
Found pending approval file: LINKEDIN_POST_1772134941.md
Approval file in Pending_Approval, not posting.
Found pending approval file: LINKEDIN_POST_1772135012.md
Approval file in Pending_Approval, not posting.
Found approved file: Plan_EMAIL_19a0b0bfb6d6409e.md
Found approved file: Plan_EMAIL_19a0cc1ffb181bf2.md
Found pending approval file: LINKEDIN_POST_1771964430.md
Approval file in Pending_Approval, not posting.
Found pending approval file: LINKEDIN_POST_1772134872.md
Approval file in Pending_Approval, not posting.
Found pending approval file: LINKEDIN_POST_1772134941.md
Approval file in Pending_Approval, not posting.
Found pending approval file: LINKEDIN_POST_1772135012.md
Approval file in Pending_Approval, not posting.
Found approved file: Plan_EMAIL_19a0b0bfb6d6409e.md
Found approved file: Plan_EMAIL_19a0cc1ffb181bf2.md
Found pending approval file: LINKEDIN_POST_1771964430.md
Approval file in Pending_Approval, not posting.
Found pending approval file: LINKEDIN_POST_1772134872.md
Approval file in Pending_Approval, not posting.
Found pending approval file: LINKEDIN_POST_1772134941.md
Approval file in Pending_Approval, not posting.
Found pending approval file: LINKEDIN_POST_1772135012.md
Approval file in Pending_Approval, not posting.
Found approved file: Plan_EMAIL_19a0b0bfb6d6409e.md
Found approved file: Plan_EMAIL_19a0cc1ffb181bf2.md
Found pending approval file: LINKEDIN_POST_1771964430.md
Approval file in Pending_Approval, not posting.
Found pending approval file: LINKEDIN_POST_1772134872.md
Approval file in Pending_Approval, not posting.
Found pending approval file: LINKEDIN_POST_1772134941.md
Approval file in Pending_Approval, not posting.
Found pending approval file: LINKEDIN_POST_1772135012.md
Approval file in Pending_Approval, not posting.
Found approved file: Plan_EMAIL_19a0b0bfb6d6409e.md
Found approved file: Plan_EMAIL_19a0cc1ffb181bf2.mdBrowser setup successful
Starting LinkedIn poster in monitoring mode...
Monitoring approval folders: AI_Employee_Vault\Pending_Approval and AI_Employee_Vault\Approved
Check interval: 30 seconds
Found pending approval file: LINKEDIN_POST_1771964430.md
Approval file in Pending_Approval, not posting.
Found pending approval file: LINKEDIN_POST_1772134872.md
Approval file in Pending_Approval, not posting.
Found pending approval file: LINKEDIN_POST_1772134941.md
Approval file in Pending_Approval, not posting.
Found pending approval file: LINKEDIN_POST_1772135012.md
Approval file in Pending_Approval, not posting.
Found approved file: Plan_EMAIL_19a0b0bfb6d6409e.md
Found approved file: Plan_EMAIL_19a0cc1ffb181bf2.md
Found pending approval file: LINKEDIN_POST_1771964430.md
Approval file in Pending_Approval, not posting.
Found pending approval file: LINKEDIN_POST_1772134872.md
Approval file in Pending_Approval, not posting.
Found pending approval file: LINKEDIN_POST_1772134941.md
Approval file in Pending_Approval, not posting.
Found pending approval file: LINKEDIN_POST_1772135012.md
Approval file in Pending_Approval, not posting.
Found approved file: Plan_EMAIL_19a0b0bfb6d6409e.md
Found approved file: Plan_EMAIL_19a0cc1ffb181bf2.md
Found pending approval file: LINKEDIN_POST_1771964430.md
Approval file in Pending_Approval, not posting.
Found pending approval file: LINKEDIN_POST_1772134872.md
Approval file in Pending_Approval, not posting.
Found pending approval file: LINKEDIN_POST_1772134941.md
Approval file in Pending_Approval, not posting.
Found pending approval file: LINKEDIN_POST_1772135012.md
Approval file in Pending_Approval, not posting.
Found approved file: Plan_EMAIL_19a0b0bfb6d6409e.md
Found approved file: Plan_EMAIL_19a0cc1ffb181bf2.md
Found pending approval file: LINKEDIN_POST_1771964430.md
Approval file in Pending_Approval, not posting.
Found pending approval file: LINKEDIN_POST_1772134872.md
Approval file in Pending_Approval, not posting.
Found pending approval file: LINKEDIN_POST_1772134941.md
Approval file in Pending_Approval, not posting.
Found pending approval file: LINKEDIN_POST_1772135012.md
Approval file in Pending_Approval, not posting.
Found approved file: Plan_EMAIL_19a0b0bfb6d6409e.md
Found approved file: Plan_EMAIL_19a0cc1ffb181bf2.md
Found pending approval file: LINKEDIN_POST_1771964430.md
Approval file in Pending_Approval, not posting.
Found pending approval file: LINKEDIN_POST_1772134872.md
Approval file in Pending_Approval, not posting.
Found pending approval file: LINKEDIN_POST_1772134941.md
Approval file in Pending_Approval, not posting.
Found pending approval file: LINKEDIN_POST_1772135012.md
Approval file in Pending_Approval, not posting.
Found approved file: Plan_EMAIL_19a0b0bfb6d6409e.md
Found approved file: Plan_EMAIL_19a0cc1ffb181bf2.md
Found pending approval file: LINKEDIN_POST_1771964430.md
Approval file in Pending_Approval, not posting.
Found pending approval file: LINKEDIN_POST_1772134872.md
Approval file in Pending_Approval, not posting.
Found pending approval file: LINKEDIN_POST_1772134941.md
Approval file in Pending_Approval, not posting.
Found pending approval file: LINKEDIN_POST_1772135012.md
Approval file in Pending_Approval, not posting.
Found approved file: Plan_EMAIL_19a0b0bfb6d6409e.md
Found approved file: Plan_EMAIL_19a0cc1ffb181bf2.md
Found pending approval file: LINKEDIN_POST_1771964430.md
Approval file in Pending_Approval, not posting.
Found pending approval file: LINKEDIN_POST_1772134872.md
Approval file in Pending_Approval, not posting.
Found pending approval file: LINKEDIN_POST_1772134941.md
Approval file in Pending_Approval, not posting.
Found pending approval file: LINKEDIN_POST_1772135012.md
Approval file in Pending_Approval, not posting.
Found approved file: Plan_EMAIL_19a0b0bfb6d6409e.md
Found approved file: Plan_EMAIL_19a0cc1ffb181bf2.md
Found pending approval file: LINKEDIN_POST_1771964430.md
Approval file in Pending_Approval, not posting.
Found pending approval file: LINKEDIN_POST_1772134872.md
Approval file in Pending_Approval, not posting.
Found pending approval file: LINKEDIN_POST_1772134941.md
Approval file in Pending_Approval, not posting.
Found pending approval file: LINKEDIN_POST_1772135012.md
Approval file in Pending_Approval, not posting.
Found approved file: Plan_EMAIL_19a0b0bfb6d6409e.md
Found approved file: Plan_EMAIL_19a0cc1ffb181bf2.md
Found pending approval file: LINKEDIN_POST_1771964430.md
Approval file in Pending_Approval, not posting.
Found pending approval file: LINKEDIN_POST_1772134872.md
Approval file in Pending_Approval, not posting.
Found pending approval file: LINKEDIN_POST_1772134941.md
Approval file in Pending_Approval, not posting.
Found pending approval file: LINKEDIN_POST_1772135012.md
Approval file in Pending_Approval, not posting.
Found approved file: Plan_EMAIL_19a0b0bfb6d6409e.md
Found approved file: Plan_EMAIL_19a0cc1ffb181bf2.md
Found pending approval file: LINKEDIN_POST_1771964430.md
Approval file in Pending_Approval, not posting.
Found pending approval file: LINKEDIN_POST_1772134872.md
Approval file in Pending_Approval, not posting.
Found pending approval file: LINKEDIN_POST_1772134941.md
Approval file in Pending_Approval, not posting.
Found pending approval file: LINKEDIN_POST_1772135012.md
Approval file in Pending_Approval, not posting.
Found approved file: Plan_EMAIL_19a0b0bfb6d6409e.md
Found approved file: Plan_EMAIL_19a0cc1ffb181bf2.md
Found pending approval file: LINKEDIN_POST_1771964430.md
Approval file in Pending_Approval, not posting.
Found pending approval file: LINKEDIN_POST_1772134872.md
Approval file in Pending_Approval, not posting.
Found pending approval file: LINKEDIN_POST_1772134941.md
Approval file in Pending_Approval, not posting.
Found pending approval file: LINKEDIN_POST_1772135012.md
Approval file in Pending_Approval, not posting.
Found approved file: Plan_EMAIL_19a0b0bfb6d6409e.md
Found approved file: Plan_EMAIL_19a0cc1ffb181bf2.md
Found pending approval file: LINKEDIN_POST_1771964430.md
Approval file in Pending_Approval, not posting.
Found pending approval file: LINKEDIN_POST_1772134872.md
Approval file in Pending_Approval, not posting.
Found pending approval file: LINKEDIN_POST_1772134941.md
Approval file in Pending_Approval, not posting.
Found pending approval file: LINKEDIN_POST_1772135012.md
Approval file in Pending_Approval, not posting.
Found approved file: Plan_EMAIL_19a0b0bfb6d6409e.md
Found approved file: Plan_EMAIL_19a0cc1ffb181bf2.md
Found pending approval file: LINKEDIN_POST_1771964430.md
Approval file in Pending_Approval, not posting.
Found pending approval file: LINKEDIN_POST_1772134872.md
Approval file in Pending_Approval, not posting.
Found pending approval file: LINKEDIN_POST_1772134941.md
Approval file in Pending_Approval, not posting.
Found pending approval file: LINKEDIN_POST_1772135012.md
Approval file in Pending_Approval, not posting.
Found approved file: Plan_EMAIL_19a0b0bfb6d6409e.md
Found approved file: Plan_EMAIL_19a0cc1ffb181bf2.md
Found pending approval file: LINKEDIN_POST_1771964430.md
Approval file in Pending_Approval, not posting.
Found pending approval file: LINKEDIN_POST_1772134872.md
Approval file in Pending_Approval, not posting.
Found pending approval file: LINKEDIN_POST_1772134941.md
Approval file in Pending_Approval, not posting.
Found pending approval file: LINKEDIN_POST_1772135012.md
Approval file in Pending_Approval, not posting.
Found approved file: Plan_EMAIL_19a0b0bfb6d6409e.md
Found approved file: Plan_EMAIL_19a0cc1ffb181bf2.md
Found pending approval file: LINKEDIN_POST_1771964430.md
Approval file in Pending_Approval, not posting.
Found pending approval file: LINKEDIN_POST_1772134872.md
Approval file in Pending_Approval, not posting.
Found pending approval file: LINKEDIN_POST_1772134941.md
Approval file in Pending_Approval, not posting.
Found pending approval file: LINKEDIN_POST_1772135012.md
Approval file in Pending_Approval, not posting.
Found approved file: Plan_EMAIL_19a0b0bfb6d6409e.md
Found approved file: Plan_EMAIL_19a0cc1ffb181bf2.mdnode:events:486
 
Found pending approval file: LINKEDIN_POST_1772134941.md
Approval file in Pending_Approval, not posting.
Found pending approval file: LINKEDIN_POST_1772135012.md
Approval file in Pending_Approval, not posting.
Found approved file: Plan_EMAIL_19a0b0bfb6d6409e.md
Found approved file: Plan_EMAIL_19a0cc1ffb181bf2.md
Found pending approval file: LINKEDIN_POST_1771964430.md
Approval file in Pending_Approval, not posting.
Found pending approval file: LINKEDIN_POST_1772134872.md
Approval file in Pending_Approval, not posting.
Found pending approval file: LINKEDIN_POST_1772134941.md
Approval file in Pending_Approval, not posting.
Found pending approval file: LINKEDIN_POST_1772135012.md
Approval file in Pending_Approval, not posting.
Found approved file: Plan_EMAIL_19a0b0bfb6d6409e.md
Found approved file: Plan_EMAIL_19a0cc1ffb181bf2.md
Found pending approval file: LINKEDIN_POST_1771964430.md
Approval file in Pending_Approval, not posting.
Found pending approval file: LINKEDIN_POST_1772134872.md
Approval file in Pending_Approval, not posting.
Found pending approval file: LINKEDIN_POST_1772134941.md
Approval file in Pending_Approval, not posting.
Found pending approval file: LINKEDIN_POST_1772135012.md
Approval file in Pending_Approval, not posting.
Found approved file: Plan_EMAIL_19a0b0bfb6d6409e.md
Found approved file: Plan_EMAIL_19a0cc1ffb181bf2.md
Found pending approval file: LINKEDIN_POST_1771964430.md
Approval file in Pending_Approval, not posting.
Found pending approval file: LIBrowser setup successful
Starting LinkedIn poster in monitoring mode...
Monitoring approval folders: AI_Employee_Vault\Pending_Approval and AI_Employee_Vault\Approved
Check interval: 30 seconds
Found pending approval file: LINKEDIN_POST_1771964430.md
Approval file in Pending_Approval, not posting.
Found pending approval file: LINKEDIN_POST_1772134872.md
Approval file in Pending_Approval, not posting.
Found pending approval file: LINKEDIN_POST_1772134941.md
Approval file in Pending_Approval, not posting.
Found pending approval file: LINKEDIN_POST_1772135012.md
Approval file in Pending_Approval, not posting.
Found approved file: Plan_EMAIL_19a0b0bfb6d6409e.md
Found approved file: Plan_EMAIL_19a0cc1ffb181bf2.md
Found pending approval file: LINKEDIN_POST_1771964430.md
Approval file in Pending_Approval, not posting.
Found pending approval file: LINKEDIN_POST_1772134872.md
Approval file in Pending_Approval, not posting.
Found pending approval file: LINKEDIN_POST_1772134941.md
Approval file in Pending_Approval, not posting.
Found pending approval file: LINKEDIN_POST_1772135012.md
Approval file in Pending_Approval, not posting.
Found approved file: Plan_EMAIL_19a0b0bfb6d6409e.md
Found approved file: Plan_EMAIL_19a0cc1ffb181bf2.md
Found pending approval file: LINKEDIN_POST_1771964430.md
Approval file in Pending_Approval, not posting.
Found pending approval file: LINKEDIN_POST_1772134872.md
Approval file in Pending_Approval, not posting.
Found pending approval file: LINKEDIN_POST_1772134941.md
Approval file in Pending_Approval, not posting.
Found pending approval file: LINKEDIN_POST_1772135012.md
Approval file in Pending_Approval, not posting.
Found approved file: Plan_EMAIL_19a0b0bfb6d6409e.md
Found approved file: Plan_EMAIL_19a0cc1ffb181bf2.md
Found pending approval file: LINKEDIN_POST_1771964430.md
Approval file in Pending_Approval, not posting.
Found pending approval file: LINKEDIN_POST_1772134872.md
Approval file in Pending_Approval, not posting.
Found pending approval file: LINKEDIN_POST_1772134941.md
Approval file in Pending_Approval, not posting.
Found pending approval file: LINKEDIN_POST_1772135012.md
Approval file in Pending_Approval, not posting.
Found approved file: Plan_EMAIL_19a0b0bfb6d6409e.md
Found approved file: Plan_EMAIL_19a0cc1ffb181bf2.md
Found pending approval file: LINKEDIN_POST_1771964430.md
Approval file in Pending_Approval, not posting.
Found pending approval file: LINKEDIN_POST_1772134872.md
Approval file in Pending_Approval, not posting.
Found pending approval file: LINKEDIN_POST_1772134941.md
Approval file in Pending_Approval, not posting.
Found pending approval file: LINKEDIN_POST_1772135012.md
Approval file in Pending_Approval, not posting.
Found approved file: Plan_EMAIL_19a0b0bfb6d6409e.md
Found approved file: Plan_EMAIL_19a0cc1ffb181bf2.md
Found pending approval file: LINKEDIN_POST_1771964430.md
Approval file in Pending_Approval, not posting.
Found pending approval file: LINKEDIN_POST_1772134872.md
Approval file in Pending_Approval, not posting.
Found pending approval file: LINKEDIN_POST_1772134941.md
Approval file in Pending_Approval, not posting.
Found pending approval file: LINKEDIN_POST_1772135012.md
Approval file in Pending_Approval, not posting.
Found approved file: Plan_EMAIL_19a0b0bfb6d6409e.md
Found approved file: Plan_EMAIL_19a0cc1ffb181bf2.md
Found pending approval file: LINKEDIN_POST_1771964430.md
Approval file in Pending_Approval, not posting.
Found pending approval file: LINKEDIN_POST_1772134872.md
Approval file in Pending_Approval, not posting.
Found pending approval file: LINKEDIN_POST_1772134941.md
Approval file in Pending_Approval, not posting.
Found pending approval file: LINKEDIN_POST_1772135012.md
Approval file in Pending_Approval, not posting.
Found approved file: Plan_EMAIL_19a0b0bfb6d6409e.md
Found approved file: Plan_EMAIL_19a0cc1ffb181bf2.md
Found pending approval file: LINKEDIN_POST_1771964430.md
Approval file in Pending_Approval, not posting.
Found pending approval file: LINKEDIN_POST_1772134872.md
Approval file in Pending_Approval, not posting.
Found pending approval file: LINKEDIN_POST_1772134941.md
Approval file in Pending_Approval, not posting.
Found pending approval file: LINKEDIN_POST_1772135012.md
Approval file in Pending_Approval, not posting.
Found approved file: Plan_EMAIL_19a0b0bfb6d6409e.md
Found approved file: Plan_EMAIL_19a0cc1ffb181bf2.md
Found pending approval file: LINKEDIN_POST_1771964430.md
Approval file in Pending_Approval, not posting.
Found pending approval file: LINKEDIN_POST_1772134872.md
Approval file in Pending_Approval, not posting.
Found pending approval file: LINKEDIN_POST_1772134941.md
Approval file in Pending_Approval, not posting.
Found pending approval file: LINKEDIN_POST_1772135012.md
Approval file in Pending_Approval, not posting.
Found approved file: Plan_EMAIL_19a0b0bfb6d6409e.md
Found approved file: Plan_EMAIL_19a0cc1ffb181bf2.md
Found pending approval file: LINKEDIN_POST_1771964430.md
Approval file in Pending_Approval, not posting.
Found pending approval file: LINKEDIN_POST_1772134872.md
Approval file in Pending_Approval, not posting.
Found pending approval file: LINKEDIN_POST_1772134941.md
Approval file in Pending_Approval, not posting.
Found pending approval file: LINKEDIN_POST_1772135012.md
Approval file in Pending_Approval, not posting.
Found approved file: Plan_EMAIL_19a0b0bfb6d6409e.md
Found approved file: Plan_EMAIL_19a0cc1ffb181bf2.md
Found pending approval file: LINKEDIN_POST_1771964430.md
Approval file in Pending_Approval, not posting.
Found pending approval file: LINKEDIN_POST_1772134872.md
Approval file in Pending_Approval, not posting.
Found pending approval file: LINKEDIN_POST_1772134941.md
Approval file in Pending_Approval, not posting.
Found pending approval file: LINKEDIN_POST_1772135012.md
Approval file in Pending_Approval, not posting.
Found approved file: Plan_EMAIL_19a0b0bfb6d6409e.md
Found approved file: Plan_EMAIL_19a0cc1ffb181bf2.md
Found pending approval file: LINKEDIN_POST_1771964430.md
Approval file in Pending_Approval, not posting.
Found pending approval file: LINKEDIN_POST_1772134872.md
Approval file in Pending_Approval, not posting.
Found pending approval file: LINKEDIN_POST_1772134941.md
Approval file in Pending_Approval, not posting.
Found pending approval file: LINKEDIN_POST_1772135012.md
Approval file in Pending_Approval, not posting.
Found approved file: Plan_EMAIL_19a0b0bfb6d6409e.md
Found approved file: Plan_EMAIL_19a0cc1ffb181bf2.md
Found pending approval file: LINKEDIN_POST_1771964430.md
Approval file in Pending_Approval, not posting.
Found pending approval file: LINKEDIN_POST_1772134872.md
Approval file in Pending_Approval, not posting.
Found pending approval file: LINKEDIN_POST_1772134941.md
Approval file in Pending_Approval, not posting.
Found pending approval file: LINKEDIN_POST_1772135012.md
Approval file in Pending_Approval, not posting.
Found approved file: Plan_EMAIL_19a0b0bfb6d6409e.md
Found approved file: Plan_EMAIL_19a0cc1ffb181bf2.md
Found pending approval file: LINKEDIN_POST_1771964430.md
Approval file in Pending_Approval, not posting.
Found pending approval file: LINKEDIN_POST_1772134872.md
Approval file in Pending_Approval, not posting.
Found pending approval file: LINKEDIN_POST_1772134941.md
Approval file in Pending_Approval, not posting.
Found pending approval file: LINKEDIN_POST_1772135012.md
Approval file in Pending_Approval, not posting.
Found approved file: Plan_EMAIL_19a0b0bfb6d6409e.md
Found approved file: Plan_EMAIL_19a0cc1ffb181bf2.md
Found pending approval file: LINKEDIN_POST_1771964430.md
Approval file in Pending_Approval, not posting.
Found pending approval file: LINKEDIN_POST_1772134872.md
Approval file in Pending_Approval, not posting.
Found pending approval file: LINKEDIN_POST_1772134941.md
Approval file in Pending_Approval, not posting.
Found pending approval file: LINKEDIN_POST_1772135012.md
Approval file in Pending_Approval, not posting.
Found approved file: Plan_EMAIL_19a0b0bfb6d6409e.md
Found approved file: Plan_EMAIL_19a0cc1ffb181bf2.md
Found pending approval file: LINKEDIN_POST_1771964430.md
Approval file in Pending_Approval, not posting.
Found pending approval file: LINKEDIN_POST_1772134872.md
Approval file in Pending_Approval, not posting.
Found pending approval file: LINKEDIN_POST_1772134941.md
Approval file in Pending_Approval, not posting.
Found pending approval file: LINKEDIN_POST_1772135012.md
Approval file in Pending_Approval, not posting.
Found approved file: Plan_EMAIL_19a0b0bfb6d6409e.md
Found approved file: Plan_EMAIL_19a0cc1ffb181bf2.md
Found pending approval file: LINKEDIN_POST_1771964430.md
Approval file in Pending_Approval, not posting.
Found pending approval file: LINKEDIN_POST_1772134872.md
Approval file in Pending_Approval, not posting.
Found pending approval file: LINKEDIN_POST_1772134941.md
Approval file in Pending_Approval, not posting.
Found pending approval file: LINKEDIN_POST_1772135012.md
Approval file in Pending_Approval, not posting.
Found approved file: Plan_EMAIL_19a0b0bfb6d6409e.md
Found approved file: Plan_EMAIL_19a0cc1ffb181bf2.md
Found pending approval file: LINKEDIN_POST_1771964430.md
Approval file in Pending_Approval, not posting.
Found pending approval file: LINKEDIN_POST_1772134872.md
Approval file in Pending_Approval, not posting.
Found pending approval file: LINKEDIN_POST_1772134941.md
Approval file in Pending_Approval, not posting.
Found pending approval file: LINKEDIN_POST_1772135012.md
Approval file in Pending_Approval, not posting.
Found approved file: Plan_EMAIL_19a0b0bfb6d6409e.md
Found approved file: Plan_EMAIL_19a0cc1ffb181bf2.md
Found pending approval file: LINKEDIN_POST_1771964430.md
Approval file in Pending_Approval, not posting.
Found pending approval file: LINKEDIN_POST_1772134872.md
Approval file in Pending_Approval, not posting.
Found pending approval file: LINKEDIN_POST_1772134941.md
Approval file in Pending_Approval, not posting.
Found pending approval file: LINKEDIN_POST_1772135012.md
Approval file in Pending_Approval, not posting.
Found approved file: Plan_EMAIL_19a0b0bfb6d6409e.md
Found approved file: Plan_EMAIL_19a0cc1ffb181bf2.md
Found pending approval file: LINKEDIN_POST_1771964430.md
Approval file in Pending_Approval, not posting.
Found pending approval file: LINKEDIN_POST_1772134872.md
Approval file in Pending_Approval, not posting.
Found pending approval file: LINKEDIN_POST_1772134941.md
Approval file in Pending_Approval, not posting.
Found pending approval file: LINKEDIN_POST_1772135012.md
Approval file in Pending_Approval, not posting.
Found approved file: Plan_EMAIL_19a0b0bfb6d6409e.md
Found approved file: Plan_EMAIL_19a0cc1ffb181bf2.md
Found pending approval file: LINKEDIN_POST_1771964430.md
Approval file in Pending_Approval, not posting.
Found pending approval file: LINKEDIN_POST_1772134872.md
Approval file in Pending_Approval, not posting.
Found pending approval file: LINKEDIN_POST_1772134941.md
Approval file in Pending_Approval, not posting.
Found pending approval file: LINKEDIN_POST_1772135012.md
Approval file in Pending_Approval, not posting.
Found approved file: Plan_EMAIL_19a0b0bfb6d6409e.md
Found approved file: Plan_EMAIL_19a0cc1ffb181bf2.md
Found pending approval file: LINKEDIN_POST_1771964430.md
Approval file in Pending_Approval, not posting.
Found pending approval file: LINKEDIN_POST_1772134872.md
Approval file in Pending_Approval, not posting.
Found pending approval file: LINKEDIN_POST_1772134941.md
Approval file in Pending_Approval, not posting.
Found pending approval file: LINKEDIN_POST_1772135012.md
Approval file in Pending_Approval, not posting.
Found approved file: Plan_EMAIL_19a0b0bfb6d6409e.md
Found approved file: Plan_EMAIL_19a0cc1ffb181bf2.md
Found pending approval file: LINKEDIN_POST_1771964430.md
Approval file in Pending_Approval, not posting.
Found pending approval file: LINKEDIN_POST_1772134872.md
Approval file in Pending_Approval, not posting.
Found pending approval file: LINKEDIN_POST_1772134941.md
Approval file in Pending_Approval, not posting.
Found pending approval file: LINKEDIN_POST_1772135012.md
Approval file in Pending_Approval, not posting.
Found approved file: Plan_EMAIL_19a0b0bfb6d6409e.md
Found approved file: Plan_EMAIL_19a0cc1ffb181bf2.md
Found pending approval file: LINKEDIN_POST_1771964430.md
Approval file in Pending_Approval, not posting.
Found pending approval file: LINKEDIN_POST_1772134872.md
Approval file in Pending_Approval, not posting.
Found pending approval file: LINKEDIN_POST_1772134941.md
Approval file in Pending_Approval, not posting.
Found pending approval file: LINKEDIN_POST_1772135012.md
Approval file in Pending_Approval, not posting.
Found approved file: Plan_EMAIL_19a0b0bfb6d6409e.md
Found approved file: Plan_EMAIL_19a0cc1ffb181bf2.md
Found pending approval file: LINKEDIN_POST_1771964430.md
Approval file in Pending_Approval, not posting.
Found pending approval file: LINKEDIN_POST_1772134872.md
Approval file in Pending_Approval, not posting.
Found pending approval file: LINKEDIN_POST_1772134941.md
Approval file in Pending_Approval, not posting.
Found pending approval file: LINKEDIN_POST_1772135012.md
Approval file in Pending_Approval, not posting.
Found approved file: Plan_EMAIL_19a0b0bfb6d6409e.md
Found approved file: Plan_EMAIL_19a0cc1ffb181bf2.md
Found pending approval file: LINKEDIN_POST_1771964430.md
Approval file in Pending_Approval, not posting.
Found pending approval file: LINKEDIN_POST_1772134872.md
Approval file in Pending_Approval, not posting.
Found pending approval file: LINKEDIN_POST_1772134941.md
Approval file in Pending_Approval, not posting.
Found pending approval file: LINKEDIN_POST_1772135012.md
Approval file in Pending_Approval, not posting.
Found approved file: Plan_EMAIL_19a0b0bfb6d6409e.md
Found approved file: Plan_EMAIL_19a0cc1ffb181bf2.md
Found pending approval file: LINKEDIN_POST_1771964430.md
Approval file in Pending_Approval, not posting.
Found pending approval file: LINKEDIN_POST_1772134872.md
Approval file in Pending_Approval, not posting.
Found pending approval file: LINKEDIN_POST_1772134941.md
Approval file in Pending_Approval, not posting.
Found pending approval file: LINKEDIN_POST_1772135012.md
Approval file in Pending_Approval, not posting.
Found approved file: Plan_EMAIL_19a0b0bfb6d6409e.md
Found approved file: Plan_EMAIL_19a0cc1ffb181bf2.md
Found pending approval file: LINKEDIN_POST_1771964430.md
Approval file in Pending_Approval, not posting.
Found pending approval file: LINKEDIN_POST_1772134872.md
Approval file in Pending_Approval, not posting.
Found pending approval file: LINKEDIN_POST_1772134941.md
Approval file in Pending_Approval, not posting.
Found pending approval file: LINKEDIN_POST_1772135012.md
Approval file in Pending_Approval, not posting.
Found approved file: Plan_EMAIL_19a0b0bfb6d6409e.md
Found approved file: Plan_EMAIL_19a0cc1ffb181bf2.md
Found pending approval file: LINKEDIN_POST_1771964430.md
Approval file in Pending_Approval, not posting.
Found pending approval file: LINKEDIN_POST_1772134872.md
Approval file in Pending_Approval, not posting.
Found pending approval file: LINKEDIN_POST_1772134941.md
Approval file in Pending_Approval, not posting.
Found pending approval file: LINKEDIN_POST_1772135012.md
Approval file in Pending_Approval, not posting.
Found approved file: Plan_EMAIL_19a0b0bfb6d6409e.md
Found approved file: Plan_EMAIL_19a0cc1ffb181bf2.md
Found pending approval file: LINKEDIN_POST_1771964430.md
Approval file in Pending_Approval, not posting.
Found pending approval file: LINKEDIN_POST_1772134872.md
Approval file in Pending_Approval, not posting.
Found pending approval file: LINKEDIN_POST_1772134941.md
Approval file in Pending_Approval, not posting.
Found pending approval file: LINKEDIN_POST_1772135012.md
Approval file in Pending_Approval, not posting.
Found approved file: Plan_EMAIL_19a0b0bfb6d6409e.md
Found approved file: Plan_EMAIL_19a0cc1ffb181bf2.md
Found pending approval file: LINKEDIN_POST_1771964430.md
Approval file in Pending_Approval, not posting.
Found pending approval file: LINKEDIN_POST_1772134872.md
Approval file in Pending_Approval, not posting.node:events:486
      throw er; // Unhandled 'error' event
      ^

Error: EPIPE: broken pipe, write
    at Socket._write (node:internal/net:75:18)
    at writeOrBuffer (node:internal/streams/writable:570:12)
    at _write (node:internal/streams/writable:499:10)
    at Writable.write (node:internal/streams/writable:508:10)
    at PipeTransport.send (e:\Hackathon 0\Bronze\Personal-AI-Employee\.venv\Lib\site-packages\playwright\driver\package\lib\server\utils\pipeTransport.js:52:21)
    at dispatcherConnection.onmessage (e:\Hackathon 0\Bronze\Personal-AI-Employee\.venv\Lib\site-packages\playwright\driver\package\lib\cli\driver.js:60:59)
    at DispatcherConnection.sendEvent (e:\Hackathon 0\Bronze\Personal-AI-Employee\.venv\Lib\site-packages\playwright\driver\package\lib\server\dispatchers\dispatcher.js:176:10)
    at PageDispatcher._dispatchEvent (e:\Hackathon 0\Bronze\Personal-AI-Employee\.venv\Lib\site-packages\playwright\driver\package\lib\server\dispatchers\dispatcher.js:102:21)
    at Page.<anonymous> (e:\Hackathon 0\Bronze\Personal-AI-Employee\.venv\Lib\site-packages\playwright\driver\package\lib\server\dispatchers\pageDispatcher.js:71:12)
    at Page.emit (node:events:508:28)
Emitted 'error' event on Socket instance at:
    at emitErrorNT (node:internal/streams/destroy:170:8)
    at emitErrorCloseNT (node:internal/streams/destroy:129:3)
    at process.processTicksAndRejections (node:internal/process/task_queues:89:21) {
  errno: -4047,
  syscall: 'write',
  code: 'EPIPE'
}

Node.js v24.13.0
Browser setup successful with persistent context
Specify either --process-posts or --content
Browser closed
Browser setup successful with persistent context
Specify either --process-posts or --content
Browser closed
Browser setup successful with persistent context
Specify either --process-posts or --content
Browser closed
Browser setup successful with persistent context
Specify either --process-posts or --content
Browser closed
Browser setup successful with persistent context
Specify either --process-posts or --content
Browser closed
Browser setup successful with persistent context
Specify either --process-posts or --content
Browser closed
Browser setup successful with persistent context
Specify either --process-posts or --content
Browser closed
Browser setup successful with persistent context
Specify either --process-posts or --content
Browser closed
Browser setup successful with persistent context
Specify either --process-posts or --content
Browser closed
Browser setup successful with persistent context
Specify either --process-posts or --content
Browser closed
Browser setup successful with persistent context
Specify either --process-posts or --content
Browser closed
Browser setup successful with persistent context
Specify either --process-posts or --content
Browser closed
Browser setup successful with persistent context
Specify either --process-posts or --content
Browser closed
Browser setup successful with persistent context
Specify either --process-posts or --content
Browser closed
Browser setup successful with persistent context
Specify either --process-posts or --content
Browser closed
Browser setup successful with persistent context
Specify either --process-posts or --content
Browser closed
Browser setup successful with persistent context
Specify either --process-posts or --content
Browser closed
Browser setup successful with persistent context
Specify either --process-posts or --content
Browser closed
Browser setup successful with persistent context
Specify either --process-posts or --content
Browser closed
Browser setup successful with persistent context
Specify either --process-posts or --content
Browser closed
E:\Hackathon 0\Bronze\Personal-AI-Employee\.venv\Scripts\python.exe: can't open file 'E:\\Hackathon 0\\Bronze\\Personal-AI-Employee\\watcher\\linkedin_poster_impl.py': [Errno 2] No such file or directory
E:\Hackathon 0\Bronze\Personal-AI-Employee\.venv\Scripts\python.exe: can't open file 'E:\\Hackathon 0\\Bronze\\Personal-AI-Employee\\watcher\\linkedin_poster_impl.py': [Errno 2] No such file or directory
E:\Hackathon 0\Bronze\Personal-AI-Employee\.venv\Scripts\python.exe: can't open file 'E:\\Hackathon 0\\Bronze\\Personal-AI-Employee\\watcher\\linkedin_poster_impl.py': [Errno 2] No such file or directory
E:\Hackathon 0\Bronze\Personal-AI-Employee\.venv\Scripts\python.exe: can't open file 'E:\\Hackathon 0\\Bronze\\Personal-AI-Employee\\watcher\\linkedin_poster_impl.py': [Errno 2] No such file or directory
E:\Hackathon 0\Bronze\Personal-AI-Employee\.venv\Scripts\python.exe: can't open file 'E:\\Hackathon 0\\Bronze\\Personal-AI-Employee\\watcher\\linkedin_poster_impl.py': [Errno 2] No such file or directory
E:\Hackathon 0\Bronze\Personal-AI-Employee\.venv\Scripts\python.exe: can't open file 'E:\\Hackathon 0\\Bronze\\Personal-AI-Employee\\watcher\\linkedin_poster_impl.py': [Errno 2] No such file or directory
E:\Hackathon 0\Bronze\Personal-AI-Employee\.venv\Scripts\python.exe: can't open file 'E:\\Hackathon 0\\Bronze\\Personal-AI-Employee\\watcher\\linkedin_poster_impl.py': [Errno 2] No such file or directory
E:\Hackathon 0\Bronze\Personal-AI-Employee\.venv\Scripts\python.exe: can't open file 'E:\\Hackathon 0\\Bronze\\Personal-AI-Employee\\watcher\\linkedin_poster_impl.py': [Errno 2] No such file or directory
E:\Hackathon 0\Bronze\Personal-AI-Employee\.venv\Scripts\python.exe: can't open file 'E:\\Hackathon 0\\Bronze\\Personal-AI-Employee\\watcher\\linkedin_poster_impl.py': [Errno 2] No such file or directory
E:\Hackathon 0\Bronze\Personal-AI-Employee\.venv\Scripts\python.exe: can't open file 'E:\\Hackathon 0\\Bronze\\Personal-AI-Employee\\watcher\\linkedin_poster_impl.py': [Errno 2] No such file or directory
E:\Hackathon 0\Bronze\Personal-AI-Employee\.venv\Scripts\python.exe: can't open file 'E:\\Hackathon 0\\Bronze\\Personal-AI-Employee\\watcher\\linkedin_poster_impl.py': [Errno 2] No such file or directory
E:\Hackathon 0\Bronze\Personal-AI-Employee\.venv\Scripts\python.exe: can't open file 'E:\\Hackathon 0\\Bronze\\Personal-AI-Employee\\watcher\\linkedin_poster_impl.py': [Errno 2] No such file or directory
E:\Hackathon 0\Bronze\Personal-AI-Employee\.venv\Scripts\python.exe: can't open file 'E:\\Hackathon 0\\Bronze\\Personal-AI-Employee\\watcher\\linkedin_poster_impl.py': [Errno 2] No such file or directory
E:\Hackathon 0\Bronze\Personal-AI-Employee\.venv\Scripts\python.exe: can't open file 'E:\\Hackathon 0\\Bronze\\Personal-AI-Employee\\watcher\\linkedin_poster_impl.py': [Errno 2] No such file or directory
E:\Hackathon 0\Bronze\Personal-AI-Employee\.venv\Scripts\python.exe: can't open file 'E:\\Hackathon 0\\Bronze\\Personal-AI-Employee\\watcher\\linkedin_poster_impl.py': [Errno 2] No such file or directory
E:\Hackathon 0\Bronze\Personal-AI-Employee\.venv\Scripts\python.exe: can't open file 'E:\\Hackathon 0\\Bronze\\Personal-AI-Employee\\watcher\\linkedin_poster_impl.py': [Errno 2] No such file or directory
E:\Hackathon 0\Bronze\Personal-AI-Employee\.venv\Scripts\python.exe: can't open file 'E:\\Hackathon 0\\Bronze\\Personal-AI-Employee\\watcher\\linkedin_poster_impl.py': [Errno 2] No such file or directory
E:\Hackathon 0\Bronze\Personal-AI-Employee\.venv\Scripts\python.exe: can't open file 'E:\\Hackathon 0\\Bronze\\Personal-AI-Employee\\watcher\\linkedin_poster_impl.py': [Errno 2] No such file or directory
E:\Hackathon 0\Bronze\Personal-AI-Employee\.venv\Scripts\python.exe: can't open file 'E:\\Hackathon 0\\Bronze\\Personal-AI-Employee\\watcher\\linkedin_poster_impl.py': [Errno 2] No such file or directory
E:\Hackathon 0\Bronze\Personal-AI-Employee\.venv\Scripts\python.exe: can't open file 'E:\\Hackathon 0\\Bronze\\Personal-AI-Employee\\watcher\\linkedin_poster_impl.py': [Errno 2] No such file or directory
E:\Hackathon 0\Bronze\Personal-AI-Employee\.venv\Scripts\python.exe: can't open file 'E:\\Hackathon 0\\Bronze\\Personal-AI-Employee\\watcher\\linkedin_poster_impl.py': [Errno 2] No such file or directory
E:\Hackathon 0\Bronze\Personal-AI-Employee\.venv\Scripts\python.exe: can't open file 'E:\\Hackathon 0\\Bronze\\Personal-AI-Employee\\watcher\\linkedin_poster_impl.py': [Errno 2] No such file or directory
E:\Hackathon 0\Bronze\Personal-AI-Employee\.venv\Scripts\python.exe: can't open file 'E:\\Hackathon 0\\Bronze\\Personal-AI-Employee\\watcher\\linkedin_poster_impl.py': [Errno 2] No such file or directory
E:\Hackathon 0\Bronze\Personal-AI-Employee\.venv\Scripts\python.exe: can't open file 'E:\\Hackathon 0\\Bronze\\Personal-AI-Employee\\watcher\\linkedin_poster_impl.py': [Errno 2] No such file or directory
E:\Hackathon 0\Bronze\Personal-AI-Employee\.venv\Scripts\python.exe: can't open file 'E:\\Hackathon 0\\Bronze\\Personal-AI-Employee\\watcher\\linkedin_poster_impl.py': [Errno 2] No such file or directory
E:\Hackathon 0\Bronze\Personal-AI-Employee\.venv\Scripts\python.exe: can't open file 'E:\\Hackathon 0\\Bronze\\Personal-AI-Employee\\watcher\\linkedin_poster_impl.py': [Errno 2] No such file or directory
E:\Hackathon 0\Bronze\Personal-AI-Employee\.venv\Scripts\python.exe: can't open file 'E:\\Hackathon 0\\Bronze\\Personal-AI-Employee\\watcher\\linkedin_poster_impl.py': [Errno 2] No such file or directory
E:\Hackathon 0\Bronze\Personal-AI-Employee\.venv\Scripts\python.exe: can't open file 'E:\\Hackathon 0\\Bronze\\Personal-AI-Employee\\watcher\\linkedin_poster_impl.py': [Errno 2] No such file or directory
E:\Hackathon 0\Bronze\Personal-AI-Employee\.venv\Scripts\python.exe: can't open file 'E:\\Hackathon 0\\Bronze\\Personal-AI-Employee\\watcher\\linkedin_poster_impl.py': [Errno 2] No such file or directory
E:\Hackathon 0\Bronze\Personal-AI-Employee\.venv\Scripts\python.exe: can't open file 'E:\\Hackathon 0\\Bronze\\Personal-AI-Employee\\watcher\\linkedin_poster_impl.py': [Errno 2] No such file or directory
E:\Hackathon 0\Bronze\Personal-AI-Employee\.venv\Scripts\python.exe: can't open file 'E:\\Hackathon 0\\Bronze\\Personal-AI-Employee\\watcher\\linkedin_poster_impl.py': [Errno 2] No such file or directory
E:\Hackathon 0\Bronze\Personal-AI-Employee\.venv\Scripts\python.exe: can't open file 'E:\\Hackathon 0\\Bronze\\Personal-AI-Employee\\watcher\\linkedin_poster_impl.py': [Errno 2] No such file or directory
E:\Hackathon 0\Bronze\Personal-AI-Employee\.venv\Scripts\python.exe: can't open file 'E:\\Hackathon 0\\Bronze\\Personal-AI-Employee\\watcher\\linkedin_poster_impl.py': [Errno 2] No such file or directory
E:\Hackathon 0\Bronze\Personal-AI-Employee\.venv\Scripts\python.exe: can't open file 'E:\\Hackathon 0\\Bronze\\Personal-AI-Employee\\watcher\\linkedin_poster_impl.py': [Errno 2] No such file or directory
E:\Hackathon 0\Bronze\Personal-AI-Employee\.venv\Scripts\python.exe: can't open file 'E:\\Hackathon 0\\Bronze\\Personal-AI-Employee\\watcher\\linkedin_poster_impl.py': [Errno 2] No such file or directory
E:\Hackathon 0\Bronze\Personal-AI-Employee\.venv\Scripts\python.exe: can't open file 'E:\\Hackathon 0\\Bronze\\Personal-AI-Employee\\watcher\\linkedin_poster_impl.py': [Errno 2] No such file or directory
E:\Hackathon 0\Bronze\Personal-AI-Employee\.venv\Scripts\python.exe: can't open file 'E:\\Hackathon 0\\Bronze\\Personal-AI-Employee\\watcher\\linkedin_poster_impl.py': [Errno 2] No such file or directory
E:\Hackathon 0\Bronze\Personal-AI-Employee\.venv\Scripts\python.exe: can't open file 'E:\\Hackathon 0\\Bronze\\Personal-AI-Employee\\watcher\\linkedin_poster_impl.py': [Errno 2] No such file or directory
E:\Hackathon 0\Bronze\Personal-AI-Employee\.venv\Scripts\python.exe: can't open file 'E:\\Hackathon 0\\Bronze\\Personal-AI-Employee\\watcher\\linkedin_poster_impl.py': [Errno 2] No such file or directory
E:\Hackathon 0\Bronze\Personal-AI-Employee\.venv\Scripts\python.exe: can't open file 'E:\\Hackathon 0\\Bronze\\Personal-AI-Employee\\watcher\\linkedin_poster_impl.py': [Errno 2] No such file or directory
E:\Hackathon 0\Bronze\Personal-AI-Employee\.venv\Scripts\python.exe: can't open file 'E:\\Hackathon 0\\Bronze\\Personal-AI-Employee\\watcher\\linkedin_poster_impl.py': [Errno 2] No such file or directory
E:\Hackathon 0\Bronze\Personal-AI-Employee\.venv\Scripts\python.exe: can't open file 'E:\\Hackathon 0\\Bronze\\Personal-AI-Employee\\watcher\\linkedin_poster_impl.py': [Errno 2] No such file or directory
E:\Hackathon 0\Bronze\Personal-AI-Employee\.venv\Scripts\python.exe: can't open file 'E:\\Hackathon 0\\Bronze\\Personal-AI-Employee\\watcher\\linkedin_poster_impl.py': [Errno 2] No such file or directory
E:\Hackathon 0\Bronze\Personal-AI-Employee\.venv\Scripts\python.exe: can't open file 'E:\\Hackathon 0\\Bronze\\Personal-AI-Employee\\watcher\\linkedin_poster_impl.py': [Errno 2] No such file or directory
E:\Hackathon 0\Bronze\Personal-AI-Employee\.venv\Scripts\python.exe: can't open file 'E:\\Hackathon 0\\Bronze\\Personal-AI-Employee\\watcher\\linkedin_poster_impl.py': [Errno 2] No such file or directory
E:\Hackathon 0\Bronze\Personal-AI-Employee\.venv\Scripts\python.exe: can't open file 'E:\\Hackathon 0\\Bronze\\Personal-AI-Employee\\watcher\\linkedin_poster_impl.py': [Errno 2] No such file or directory
E:\Hackathon 0\Bronze\Personal-AI-Employee\.venv\Scripts\python.exe: can't open file 'E:\\Hackathon 0\\Bronze\\Personal-AI-Employee\\watcher\\linkedin_poster_impl.py': [Errno 2] No such file or directory
E:\Hackathon 0\Bronze\Personal-AI-Employee\.venv\Scripts\python.exe: can't open file 'E:\\Hackathon 0\\Bronze\\Personal-AI-Employee\\watcher\\linkedin_poster_impl.py': [Errno 2] No such file or directory
E:\Hackathon 0\Bronze\Personal-AI-Employee\.venv\Scripts\python.exe: can't open file 'E:\\Hackathon 0\\Bronze\\Personal-AI-Employee\\watcher\\linkedin_poster_impl.py': [Errno 2] No such file or directory
E:\Hackathon 0\Bronze\Personal-AI-Employee\.venv\Scripts\python.exe: can't open file 'E:\\Hackathon 0\\Bronze\\Personal-AI-Employee\\watcher\\linkedin_poster_impl.py': [Errno 2] No such file or directory
E:\Hackathon 0\Bronze\Personal-AI-Employee\.venv\Scripts\python.exe: can't open file 'E:\\Hackathon 0\\Bronze\\Personal-AI-Employee\\watcher\\linkedin_poster_impl.py': [Errno 2] No such file or directory
E:\Hackathon 0\Bronze\Personal-AI-Employee\.venv\Scripts\python.exe: can't open file 'E:\\Hackathon 0\\Bronze\\Personal-AI-Employee\\watcher\\linkedin_poster_impl.py': [Errno 2] No such file or directory
E:\Hackathon 0\Bronze\Personal-AI-Employee\.venv\Scripts\python.exe: can't open file 'E:\\Hackathon 0\\Bronze\\Personal-AI-Employee\\watcher\\linkedin_poster_impl.py': [Errno 2] No such file or directory
E:\Hackathon 0\Bronze\Personal-AI-Employee\.venv\Scripts\python.exe: can't open file 'E:\\Hackathon 0\\Bronze\\Personal-AI-Employee\\watcher\\linkedin_poster_impl.py': [Errno 2] No such file or directory
E:\Hackathon 0\Bronze\Personal-AI-Employee\.venv\Scripts\python.exe: can't open file 'E:\\Hackathon 0\\Bronze\\Personal-AI-Employee\\watcher\\linkedin_poster_impl.py': [Errno 2] No such file or directory
E:\Hackathon 0\Bronze\Personal-AI-Employee\.venv\Scripts\python.exe: can't open file 'E:\\Hackathon 0\\Bronze\\Personal-AI-Employee\\watcher\\linkedin_poster_impl.py': [Errno 2] No such file or directory
E:\Hackathon 0\Bronze\Personal-AI-Employee\.venv\Scripts\python.exe: can't open file 'E:\\Hackathon 0\\Bronze\\Personal-AI-Employee\\watcher\\linkedin_poster_impl.py': [Errno 2] No such file or directory
E:\Hackathon 0\Bronze\Personal-AI-Employee\.venv\Scripts\python.exe: can't open file 'E:\\Hackathon 0\\Bronze\\Personal-AI-Employee\\watcher\\linkedin_poster_impl.py': [Errno 2] No such file or directory
E:\Hackathon 0\Bronze\Personal-AI-Employee\.venv\Scripts\python.exe: can't open file 'E:\\Hackathon 0\\Bronze\\Personal-AI-Employee\\watcher\\linkedin_poster_impl.py': [Errno 2] No such file or directory
E:\Hackathon 0\Bronze\Personal-AI-Employee\.venv\Scripts\python.exe: can't open file 'E:\\Hackathon 0\\Bronze\\Personal-AI-Employee\\watcher\\linkedin_poster_impl.py': [Errno 2] No such file or directory
E:\Hackathon 0\Bronze\Personal-AI-Employee\.venv\Scripts\python.exe: can't open file 'E:\\Hackathon 0\\Bronze\\Personal-AI-Employee\\watcher\\linkedin_poster_impl.py': [Errno 2] No such file or directory
E:\Hackathon 0\Bronze\Personal-AI-Employee\.venv\Scripts\python.exe: can't open file 'E:\\Hackathon 0\\Bronze\\Personal-AI-Employee\\watcher\\linkedin_poster_impl.py': [Errno 2] No such file or directory
E:\Hackathon 0\Bronze\Personal-AI-Employee\.venv\Scripts\python.exe: can't open file 'E:\\Hackathon 0\\Bronze\\Personal-AI-Employee\\watcher\\linkedin_poster_impl.py': [Errno 2] No such file or directory
usage: linkedin_poster_impl.py [-h] [--vault-path VAULT_PATH] [--dry-run]
                               [--once] [--interval INTERVAL]
linkedin_poster_impl.py: error: unrecognized arguments: --headless
usage: linkedin_poster_impl.py [-h] [--vault-path VAULT_PATH] [--dry-run]
                               [--once] [--interval INTERVAL]
linkedin_poster_impl.py: error: unrecognized arguments: --headless
usage: linkedin_poster_impl.py [-h] [--vault-path VAULT_PATH] [--dry-run]
                               [--once] [--interval INTERVAL]
linkedin_poster_impl.py: error: unrecognized arguments: --headless
usage: linkedin_poster_impl.py [-h] [--vault-path VAULT_PATH] [--dry-run]
                               [--once] [--interval INTERVAL]
linkedin_poster_impl.py: error: unrecognized arguments: --headless
usage: linkedin_poster_impl.py [-h] [--vault-path VAULT_PATH] [--dry-run]
                               [--once] [--interval INTERVAL]
linkedin_poster_impl.py: error: unrecognized arguments: --headless
usage: linkedin_poster_impl.py [-h] [--vault-path VAULT_PATH] [--dry-run]
                               [--once] [--interval INTERVAL]
linkedin_poster_impl.py: error: unrecognized arguments: --headless
usage: linkedin_poster_impl.py [-h] [--vault-path VAULT_PATH] [--dry-run]
                               [--once] [--interval INTERVAL]
linkedin_poster_impl.py: error: unrecognized arguments: --headless
usage: linkedin_poster_impl.py [-h] [--vault-path VAULT_PATH] [--dry-run]
                               [--once] [--interval INTERVAL]
linkedin_poster_impl.py: error: unrecognized arguments: --headless
usage: linkedin_poster_impl.py [-h] [--vault-path VAULT_PATH] [--dry-run]
                               [--once] [--interval INTERVAL]
linkedin_poster_impl.py: error: unrecognized arguments: --headless
usage: linkedin_poster_impl.py [-h] [--vault-path VAULT_PATH] [--dry-run]
                               [--once] [--interval INTERVAL]
linkedin_poster_impl.py: error: unrecognized arguments: --headless
usage: linkedin_poster_impl.py [-h] [--vault-path VAULT_PATH] [--dry-run]
                               [--once] [--interval INTERVAL]
linkedin_poster_impl.py: error: unrecognized arguments: --headless
usage: linkedin_poster_impl.py [-h] [--vault-path VAULT_PATH] [--dry-run]
                               [--once] [--interval INTERVAL]
linkedin_poster_impl.py: error: unrecognized arguments: --headless
usage: linkedin_poster_impl.py [-h] [--vault-path VAULT_PATH] [--dry-run]
                               [--once] [--interval INTERVAL]
linkedin_poster_impl.py: error: unrecognized arguments: --headless
usage: linkedin_poster_impl.py [-h] [--vault-path VAULT_PATH] [--dry-run]
                               [--once] [--interval INTERVAL]
linkedin_poster_impl.py: error: unrecognized arguments: --headless
usage: linkedin_poster_impl.py [-h] [--vault-path VAULT_PATH] [--dry-run]
                               [--once] [--interval INTERVAL]
linkedin_poster_impl.py: error: unrecognized arguments: --headless
usage: linkedin_poster_impl.py [-h] [--vault-path VAULT_PATH] [--dry-run]
                               [--once] [--interval INTERVAL]
linkedin_poster_impl.py: error: unrecognized arguments: --headless
usage: linkedin_poster_impl.py [-h] [--vault-path VAULT_PATH] [--dry-run]
                               [--once] [--interval INTERVAL]
linkedin_poster_impl.py: error: unrecognized arguments: --headless
usage: linkedin_poster_impl.py [-h] [--vault-path VAULT_PATH] [--dry-run]
                               [--once] [--interval INTERVAL]
linkedin_poster_impl.py: error: unrecognized arguments: --headless
usage: linkedin_poster_impl.py [-h] [--vault-path VAULT_PATH] [--dry-run]
                               [--once] [--interval INTERVAL]
linkedin_poster_impl.py: error: unrecognized arguments: --headless
usage: linkedin_poster_impl.py [-h] [--vault-path VAULT_PATH] [--dry-run]
                               [--once] [--interval INTERVAL]
linkedin_poster_impl.py: error: unrecognized arguments: --headless
usage: linkedin_poster_impl.py [-h] [--vault-path VAULT_PATH] [--dry-run]
                               [--once] [--interval INTERVAL]
linkedin_poster_impl.py: error: unrecognized arguments: --headless
usage: linkedin_poster_impl.py [-h] [--vault-path VAULT_PATH] [--dry-run]
                               [--once] [--interval INTERVAL]
linkedin_poster_impl.py: error: unrecognized arguments: --headless
usage: linkedin_poster_impl.py [-h] [--vault-path VAULT_PATH] [--dry-run]
                               [--once] [--interval INTERVAL]
linkedin_poster_impl.py: error: unrecognized arguments: --headless
usage: linkedin_poster_impl.py [-h] [--vault-path VAULT_PATH] [--dry-run]
                               [--once] [--interval INTERVAL]
linkedin_poster_impl.py: error: unrecognized arguments: --headless
usage: linkedin_poster_impl.py [-h] [--vault-path VAULT_PATH] [--dry-run]
                               [--once] [--interval INTERVAL]
linkedin_poster_impl.py: error: unrecognized arguments: --headless
usage: linkedin_poster_impl.py [-h] [--vault-path VAULT_PATH] [--dry-run]
                               [--once] [--interval INTERVAL]
linkedin_poster_impl.py: error: unrecognized arguments: --headless
usage: linkedin_poster_impl.py [-h] [--vault-path VAULT_PATH] [--dry-run]
                               [--once] [--interval INTERVAL]
linkedin_poster_impl.py: error: unrecognized arguments: --headless
usage: linkedin_poster_impl.py [-h] [--vault-path VAULT_PATH] [--dry-run]
                               [--once] [--interval INTERVAL]
linkedin_poster_impl.py: error: unrecognized arguments: --headless
